
> nara-web@1.0.0 build
> vite build

[36mvite v5.4.21 [32mbuilding for production...[36m[39m
transforming...
[32m✓[39m 2916 modules transformed.
rendering chunks...
computing gzip size...
[2m../dist/[22m[32mindex.html                 [39m[1m[2m    0.64 kB[22m[1m[22m[2m │ gzip:   0.39 kB[22m
[2m../dist/[22m[32massets/logo-DAVp5UWl.png   [39m[1m[2m  212.04 kB[22m[1m[22m
[2m../dist/[22m[32massets/new5-DTuQ2xoD.jpg   [39m[1m[2m1,665.83 kB[22m[1m[22m
[2m../dist/[22m[32massets/new4-B12NMPIe.jpg   [39m[1m[2m2,050.08 kB[22m[1m[22m
[2m../dist/[22m[35massets/index-DT48_1aS.css  [39m[1m[2m  102.04 kB[22m[1m[22m[2m │ gzip:  21.42 kB[22m
[2m../dist/[22m[36massets/index-DpiRsRPU.js   [39m[1m[33m1,709.97 kB[39m[22m[2m │ gzip: 511.57 kB[22m
[33m
(!) Some chunks are larger than 500 kB after minification. Consider:
- Using dynamic import() to code-split the application
- Use build.rollupOptions.output.manualChunks to improve chunking: https://rollupjs.org/configuration-options/#output-manualchunks
- Adjust chunk size limit for this warning via build.chunkSizeWarningLimit.[39m
[32m✓ built in 9.67s[39m
